{
  "version": "1.4.0",
  "plugins_used": [
    {
      "name": "ArtifactoryDetector"
    },
    {
      "name": "AWSKeyDetector"
    },
    {
      "name": "AzureStorageKeyDetector"
    },
    {
      "name": "Base64HighEntropyString",
      "limit": 4.5
    },
    {
      "name": "BasicAuthDetector"
    },
    {
      "name": "CloudantDetector"
    },
    {
      "name": "DiscordBotTokenDetector"
    },
    {
      "name": "GitHubTokenDetector"
    },
    {
      "name": "HexHighEntropyString",
      "limit": 3.0
    },
    {
      "name": "IbmCloudIamDetector"
    },
    {
      "name": "IbmCosHmacDetector"
    },
    {
      "name": "JwtTokenDetector"
    },
    {
      "name": "KeywordDetector",
      "keyword_exclude": ""
    },
    {
      "name": "MailchimpDetector"
    },
    {
      "name": "NpmDetector"
    },
    {
      "name": "PrivateKeyDetector"
    },
    {
      "name": "SendGridDetector"
    },
    {
      "name": "SlackDetector"
    },
    {
      "name": "SoftlayerDetector"
    },
    {
      "name": "SquareOAuthDetector"
    },
    {
      "name": "StripeDetector"
    },
    {
      "name": "TwilioKeyDetector"
    }
  ],
  "filters_used": [
    {
      "path": "detect_secrets.filters.allowlist.is_line_allowlisted"
    },
    {
      "path": "detect_secrets.filters.common.is_ignored_due_to_verification_policies",
      "min_level": 2
    },
    {
      "path": "detect_secrets.filters.heuristic.is_indirect_reference"
    },
    {
      "path": "detect_secrets.filters.heuristic.is_likely_id_string"
    },
    {
      "path": "detect_secrets.filters.heuristic.is_lock_file"
    },
    {
      "path": "detect_secrets.filters.heuristic.is_not_alphanumeric_string"
    },
    {
      "path": "detect_secrets.filters.heuristic.is_potential_uuid"
    },
    {
      "path": "detect_secrets.filters.heuristic.is_prefixed_with_dollar_sign"
    },
    {
      "path": "detect_secrets.filters.heuristic.is_sequential_string"
    },
    {
      "path": "detect_secrets.filters.heuristic.is_swagger_file"
    },
    {
      "path": "detect_secrets.filters.heuristic.is_templated_secret"
    },
    {
      "path": "detect_secrets.filters.regex.should_exclude_file",
      "pattern": [
        "^(datasets|\\.claude|\\.git)/",
        "package-lock\\.json$",
        "^\\.secrets\\.baseline$"
      ]
    }
  ],
  "results": {
    ".context/context-manager.json": [
      {
        "type": "Secret Keyword",
        "filename": ".context/context-manager.json",
        "hashed_secret": "ebe8872498bd7a369441cf75f56db2bf3701eef9",
        "is_verified": false,
        "line_number": 281,
        "is_secret": false
      }
    ],
    ".context/refresh_analysis.sh": [
      {
        "type": "Secret Keyword",
        "filename": ".context/refresh_analysis.sh",
        "hashed_secret": "1727362a714475223abe7282c85576599adc7ff9",
        "is_verified": false,
        "line_number": 99,
        "is_secret": true
      }
    ],
    ".devcontainer/devcontainer.json": [
      {
        "type": "Basic Auth Credentials",
        "filename": ".devcontainer/devcontainer.json",
        "hashed_secret": "afc848c316af1a89d49826c5ae9d00ed769415f3",
        "is_verified": false,
        "line_number": 66,
        "is_secret": false
      }
    ],
    ".env.airflow": [
      {
        "type": "Base64 High Entropy String",
        "filename": ".env.airflow",
        "hashed_secret": "8892a35e0f616d532ad1f2ac5be1eb0d4a9675cb",
        "is_verified": false,
        "line_number": 12,
        "is_secret": true
      },
      {
        "type": "Hex High Entropy String",
        "filename": ".env.airflow",
        "hashed_secret": "d93e626bddcd4c28a22b24198b6a0734d6398e9d",
        "is_verified": false,
        "line_number": 15,
        "is_secret": true
      },
      {
        "type": "Secret Keyword",
        "filename": ".env.airflow",
        "hashed_secret": "d93e626bddcd4c28a22b24198b6a0734d6398e9d",
        "is_verified": false,
        "line_number": 15,
        "is_secret": true
      },
      {
        "type": "Secret Keyword",
        "filename": ".env.airflow",
        "hashed_secret": "3541adbf1f8d13d9f40614f0e2e41633a0d01ea6",
        "is_verified": false,
        "line_number": 29,
        "is_secret": true
      },
      {
        "type": "Secret Keyword",
        "filename": ".env.airflow",
        "hashed_secret": "191a7370b2a34f1faf71dd33efcbc6de689c5b5c",
        "is_verified": false,
        "line_number": 39,
        "is_secret": true
      },
      {
        "type": "Secret Keyword",
        "filename": ".env.airflow",
        "hashed_secret": "6cef6e6277ce256b0dae33d885e6e7b885e66c6d",
        "is_verified": false,
        "line_number": 46,
        "is_secret": true
      }
    ],
    ".env.airflow.template": [
      {
        "type": "Secret Keyword",
        "filename": ".env.airflow.template",
        "hashed_secret": "cf29a3a50a48c94bf5dbb19c87172c331eb8612f",
        "is_verified": false,
        "line_number": 7,
        "is_secret": false
      },
      {
        "type": "Secret Keyword",
        "filename": ".env.airflow.template",
        "hashed_secret": "b94921e4c3ee713a1925dfc91e7c8ac97f879c4a",
        "is_verified": false,
        "line_number": 8,
        "is_secret": false
      },
      {
        "type": "Secret Keyword",
        "filename": ".env.airflow.template",
        "hashed_secret": "6d1cac55f6f6e39755b4e8da2148244c5861dab8",
        "is_verified": false,
        "line_number": 12,
        "is_secret": false
      },
      {
        "type": "Secret Keyword",
        "filename": ".env.airflow.template",
        "hashed_secret": "056ce9478fb0052f3d40daf94d01f13a50058ef5",
        "is_verified": false,
        "line_number": 16,
        "is_secret": false
      },
      {
        "type": "Secret Keyword",
        "filename": ".env.airflow.template",
        "hashed_secret": "1687d274b732e2c80bfb50fac3ca642ac3c0bfcf",
        "is_verified": false,
        "line_number": 20,
        "is_secret": false
      }
    ],
    ".env.example": [
      {
        "type": "Basic Auth Credentials",
        "filename": ".env.example",
        "hashed_secret": "afc848c316af1a89d49826c5ae9d00ed769415f3",
        "is_verified": false,
        "line_number": 358,
        "is_secret": false
      }
    ],
    ".env.secure": [
      {
        "type": "Basic Auth Credentials",
        "filename": ".env.secure",
        "hashed_secret": "afc848c316af1a89d49826c5ae9d00ed769415f3",
        "is_verified": false,
        "line_number": 294,
        "is_secret": true
      }
    ],
    ".env.secure.template": [
      {
        "type": "Secret Keyword",
        "filename": ".env.secure.template",
        "hashed_secret": "c7a283c4c2b5cb31b92ebc7c695155197e9c38a4",
        "is_verified": false,
        "line_number": 24,
        "is_secret": false
      },
      {
        "type": "Secret Keyword",
        "filename": ".env.secure.template",
        "hashed_secret": "288f271ef54c0b0a1ff11319a660b300936948fc",
        "is_verified": false,
        "line_number": 27,
        "is_secret": false
      },
      {
        "type": "Secret Keyword",
        "filename": ".env.secure.template",
        "hashed_secret": "f265bbd42a2e573bf848045708c28cc887c45797",
        "is_verified": false,
        "line_number": 38,
        "is_secret": false
      },
      {
        "type": "Secret Keyword",
        "filename": ".env.secure.template",
        "hashed_secret": "13f8da5cf00f34a250e01a7647aff967c5aba8c7",
        "is_verified": false,
        "line_number": 49,
        "is_secret": false
      },
      {
        "type": "Secret Keyword",
        "filename": ".env.secure.template",
        "hashed_secret": "4f169d8590c987e7c7e9091161f358bc1d3e5572",
        "is_verified": false,
        "line_number": 84,
        "is_secret": false
      },
      {
        "type": "Secret Keyword",
        "filename": ".env.secure.template",
        "hashed_secret": "a4b571af307c612572294b9be601877ff5e1a726",
        "is_verified": false,
        "line_number": 88,
        "is_secret": false
      },
      {
        "type": "Secret Keyword",
        "filename": ".env.secure.template",
        "hashed_secret": "53c6bca90b83c26a98298482575ee1489ae847a4",
        "is_verified": false,
        "line_number": 92,
        "is_secret": false
      },
      {
        "type": "Secret Keyword",
        "filename": ".env.secure.template",
        "hashed_secret": "a28b1e43d0de8c6d65b58abea0bfcb00d2bae914",
        "is_verified": false,
        "line_number": 97,
        "is_secret": false
      },
      {
        "type": "Secret Keyword",
        "filename": ".env.secure.template",
        "hashed_secret": "99a8c6988f514314ac82f887378c5352bce2148c",
        "is_verified": false,
        "line_number": 141,
        "is_secret": false
      },
      {
        "type": "Secret Keyword",
        "filename": ".env.secure.template",
        "hashed_secret": "3ce1f24aad3e4e88dea0cf7f26ca56396182c64c",
        "is_verified": false,
        "line_number": 148,
        "is_secret": false
      }
    ],
    ".env.template": [
      {
        "type": "Secret Keyword",
        "filename": ".env.template",
        "hashed_secret": "89e789a7fcb5bcb20303a0e736089963ba27e120",
        "is_verified": false,
        "line_number": 7,
        "is_secret": false
      },
      {
        "type": "Secret Keyword",
        "filename": ".env.template",
        "hashed_secret": "b8eab03ad5f0b50c47e915eb4c706e593b9fd462",
        "is_verified": false,
        "line_number": 8,
        "is_secret": false
      },
      {
        "type": "Secret Keyword",
        "filename": ".env.template",
        "hashed_secret": "b2372c09b45b96961f41a196180c8f53518ea56e",
        "is_verified": false,
        "line_number": 9,
        "is_secret": false
      },
      {
        "type": "Secret Keyword",
        "filename": ".env.template",
        "hashed_secret": "bc97c8b157fd6ad9c5d8a51af62b6cb6c7360003",
        "is_verified": false,
        "line_number": 10,
        "is_secret": false
      },
      {
        "type": "Secret Keyword",
        "filename": ".env.template",
        "hashed_secret": "501dc5047dee08296e5ee5203e01d1e03a32d73a",
        "is_verified": false,
        "line_number": 15,
        "is_secret": false
      },
      {
        "type": "Secret Keyword",
        "filename": ".env.template",
        "hashed_secret": "753678aa70672b4cb0e544522f27de09433fa211",
        "is_verified": false,
        "line_number": 16,
        "is_secret": false
      },
      {
        "type": "Secret Keyword",
        "filename": ".env.template",
        "hashed_secret": "49959826c4ca3c9c5ddbd9997f628403cb76977a",
        "is_verified": false,
        "line_number": 25,
        "is_secret": false
      },
      {
        "type": "Secret Keyword",
        "filename": ".env.template",
        "hashed_secret": "2b35dcf1bbf206d2c94d087c4c72de3cc332a5d1",
        "is_verified": false,
        "line_number": 34,
        "is_secret": false
      },
      {
        "type": "Secret Keyword",
        "filename": ".env.template",
        "hashed_secret": "6cd8351191215ebd1dfdca4da58da2daad9e8c7d",
        "is_verified": false,
        "line_number": 40,
        "is_secret": false
      },
      {
        "type": "Secret Keyword",
        "filename": ".env.template",
        "hashed_secret": "5ce6258b2ca298fa6baedc331a78962a6b05b961",
        "is_verified": false,
        "line_number": 45,
        "is_secret": false
      },
      {
        "type": "Secret Keyword",
        "filename": ".env.template",
        "hashed_secret": "61ccaf8f4d56cb684246b40b375d408cf23f4d3c",
        "is_verified": false,
        "line_number": 53,
        "is_secret": false
      }
    ],
    ".env_backup_DONOTUSE/.env.airflow.template": [
      {
        "type": "Secret Keyword",
        "filename": ".env_backup_DONOTUSE/.env.airflow.template",
        "hashed_secret": "cf29a3a50a48c94bf5dbb19c87172c331eb8612f",
        "is_verified": false,
        "line_number": 7,
        "is_secret": false
      },
      {
        "type": "Secret Keyword",
        "filename": ".env_backup_DONOTUSE/.env.airflow.template",
        "hashed_secret": "b94921e4c3ee713a1925dfc91e7c8ac97f879c4a",
        "is_verified": false,
        "line_number": 8,
        "is_secret": false
      },
      {
        "type": "Secret Keyword",
        "filename": ".env_backup_DONOTUSE/.env.airflow.template",
        "hashed_secret": "6d1cac55f6f6e39755b4e8da2148244c5861dab8",
        "is_verified": false,
        "line_number": 12,
        "is_secret": false
      },
      {
        "type": "Secret Keyword",
        "filename": ".env_backup_DONOTUSE/.env.airflow.template",
        "hashed_secret": "056ce9478fb0052f3d40daf94d01f13a50058ef5",
        "is_verified": false,
        "line_number": 16,
        "is_secret": false
      },
      {
        "type": "Secret Keyword",
        "filename": ".env_backup_DONOTUSE/.env.airflow.template",
        "hashed_secret": "1687d274b732e2c80bfb50fac3ca642ac3c0bfcf",
        "is_verified": false,
        "line_number": 20,
        "is_secret": false
      }
    ],
    ".env_backup_DONOTUSE/.env.example": [
      {
        "type": "Basic Auth Credentials",
        "filename": ".env_backup_DONOTUSE/.env.example",
        "hashed_secret": "afc848c316af1a89d49826c5ae9d00ed769415f3",
        "is_verified": false,
        "line_number": 298,
        "is_secret": false
      }
    ],
    ".env_backup_DONOTUSE/.env.production.backup": [
      {
        "type": "Basic Auth Credentials",
        "filename": ".env_backup_DONOTUSE/.env.production.backup",
        "hashed_secret": "1727362a714475223abe7282c85576599adc7ff9",
        "is_verified": false,
        "line_number": 17,
        "is_secret": true
      }
    ],
    ".env_backup_DONOTUSE/.env.secure": [
      {
        "type": "Basic Auth Credentials",
        "filename": ".env_backup_DONOTUSE/.env.secure",
        "hashed_secret": "afc848c316af1a89d49826c5ae9d00ed769415f3",
        "is_verified": false,
        "line_number": 293,
        "is_secret": true
      }
    ],
    ".github/README.md": [
      {
        "type": "Basic Auth Credentials",
        "filename": ".github/README.md",
        "hashed_secret": "206c80413b9a96c1312cc346b7d2517b84463edd",
        "is_verified": false,
        "line_number": 377,
        "is_secret": false
      }
    ],
    ".github/workflows/ci.yml": [
      {
        "type": "Secret Keyword",
        "filename": ".github/workflows/ci.yml",
        "hashed_secret": "206c80413b9a96c1312cc346b7d2517b84463edd",
        "is_verified": false,
        "line_number": 225,
        "is_secret": false
      },
      {
        "type": "Hex High Entropy String",
        "filename": ".github/workflows/ci.yml",
        "hashed_secret": "76e536fe5da8f62021c1622f0fbdaaf753cbad50",
        "is_verified": false,
        "line_number": 280,
        "is_secret": false
      },
      {
        "type": "Basic Auth Credentials",
        "filename": ".github/workflows/ci.yml",
        "hashed_secret": "206c80413b9a96c1312cc346b7d2517b84463edd",
        "is_verified": false,
        "line_number": 300,
        "is_secret": false
      },
      {
        "type": "Secret Keyword",
        "filename": ".github/workflows/ci.yml",
        "hashed_secret": "d4e0e04792fd434b5dc9c4155c178f66edcf4ed3",
        "is_verified": false,
        "line_number": 302,
        "is_secret": false
      },
      {
        "type": "Secret Keyword",
        "filename": ".github/workflows/ci.yml",
        "hashed_secret": "b71d494da8d930401ba9b32b7cef87295f3eb6d3",
        "is_verified": false,
        "line_number": 363,
        "is_secret": false
      },
      {
        "type": "Secret Keyword",
        "filename": ".github/workflows/ci.yml",
        "hashed_secret": "6b36216312a7a153bbb73632ab3c565c6e83cc12",
        "is_verified": false,
        "line_number": 364,
        "is_secret": false
      },
      {
        "type": "Secret Keyword",
        "filename": ".github/workflows/ci.yml",
        "hashed_secret": "4b8fe7c9a34038a4f0cc9e513ca016f0fdcad169",
        "is_verified": false,
        "line_number": 365,
        "is_secret": false
      },
      {
        "type": "Secret Keyword",
        "filename": ".github/workflows/ci.yml",
        "hashed_secret": "e951d5521257df00f58d409eaacadb46f6433493",
        "is_verified": false,
        "line_number": 588,
        "is_secret": false
      },
      {
        "type": "Secret Keyword",
        "filename": ".github/workflows/ci.yml",
        "hashed_secret": "89e495e7941cf9e40e6980d14a16bf023ccd4c91",
        "is_verified": false,
        "line_number": 593,
        "is_secret": false
      }
    ],
    ".github/workflows/comprehensive-testing.yml": [
      {
        "type": "Secret Keyword",
        "filename": ".github/workflows/comprehensive-testing.yml",
        "hashed_secret": "9fb7fe1217aed442b04c0f5e43b5d5a7d3287097",
        "is_verified": false,
        "line_number": 15,
        "is_secret": false
      },
      {
        "type": "Secret Keyword",
        "filename": ".github/workflows/comprehensive-testing.yml",
        "hashed_secret": "affd11b40b1577c37b9427a79f3b7b30691ece4d",
        "is_verified": false,
        "line_number": 16,
        "is_secret": false
      },
      {
        "type": "Hex High Entropy String",
        "filename": ".github/workflows/comprehensive-testing.yml",
        "hashed_secret": "76e536fe5da8f62021c1622f0fbdaaf753cbad50",
        "is_verified": false,
        "line_number": 36,
        "is_secret": false
      },
      {
        "type": "Secret Keyword",
        "filename": ".github/workflows/comprehensive-testing.yml",
        "hashed_secret": "b71d494da8d930401ba9b32b7cef87295f3eb6d3",
        "is_verified": false,
        "line_number": 219,
        "is_secret": false
      },
      {
        "type": "Secret Keyword",
        "filename": ".github/workflows/comprehensive-testing.yml",
        "hashed_secret": "6b36216312a7a153bbb73632ab3c565c6e83cc12",
        "is_verified": false,
        "line_number": 220,
        "is_secret": false
      },
      {
        "type": "Secret Keyword",
        "filename": ".github/workflows/comprehensive-testing.yml",
        "hashed_secret": "4b8fe7c9a34038a4f0cc9e513ca016f0fdcad169",
        "is_verified": false,
        "line_number": 221,
        "is_secret": false
      },
      {
        "type": "Secret Keyword",
        "filename": ".github/workflows/comprehensive-testing.yml",
        "hashed_secret": "e17ccea2b34f434ff4c5146b7b7d71dfa8b17a86",
        "is_verified": false,
        "line_number": 627,
        "is_secret": false
      }
    ],
    ".github/workflows/daily-pipeline-validation.yml": [
      {
        "type": "Secret Keyword",
        "filename": ".github/workflows/daily-pipeline-validation.yml",
        "hashed_secret": "89e495e7941cf9e40e6980d14a16bf023ccd4c91",
        "is_verified": false,
        "line_number": 71,
        "is_secret": false
      },
      {
        "type": "Secret Keyword",
        "filename": ".github/workflows/daily-pipeline-validation.yml",
        "hashed_secret": "206c80413b9a96c1312cc346b7d2517b84463edd",
        "is_verified": false,
        "line_number": 150,
        "is_secret": false
      },
      {
        "type": "Base64 High Entropy String",
        "filename": ".github/workflows/daily-pipeline-validation.yml",
        "hashed_secret": "0aa4639b92398421f3b457d231a05fe651860cf9",
        "is_verified": false,
        "line_number": 205,
        "is_secret": false
      },
      {
        "type": "Basic Auth Credentials",
        "filename": ".github/workflows/daily-pipeline-validation.yml",
        "hashed_secret": "206c80413b9a96c1312cc346b7d2517b84463edd",
        "is_verified": false,
        "line_number": 205,
        "is_secret": false
      },
      {
        "type": "Secret Keyword",
        "filename": ".github/workflows/daily-pipeline-validation.yml",
        "hashed_secret": "bb818facb50c055a28d29af5a882605af29a49a3",
        "is_verified": false,
        "line_number": 205,
        "is_secret": false
      },
      {
        "type": "Secret Keyword",
        "filename": ".github/workflows/daily-pipeline-validation.yml",
        "hashed_secret": "3a1c7e9c092a19ea1b17c25158b49a716169ffc9",
        "is_verified": false,
        "line_number": 281,
        "is_secret": false
      },
      {
        "type": "Secret Keyword",
        "filename": ".github/workflows/daily-pipeline-validation.yml",
        "hashed_secret": "26b32357bb122f8157a6aa3f1e327763d7a8d3f0",
        "is_verified": false,
        "line_number": 282,
        "is_secret": false
      }
    ],
    ".github/workflows/dependency-updates.yml": [
      {
        "type": "Secret Keyword",
        "filename": ".github/workflows/dependency-updates.yml",
        "hashed_secret": "206c80413b9a96c1312cc346b7d2517b84463edd",
        "is_verified": false,
        "line_number": 125,
        "is_secret": false
      },
      {
        "type": "Basic Auth Credentials",
        "filename": ".github/workflows/dependency-updates.yml",
        "hashed_secret": "206c80413b9a96c1312cc346b7d2517b84463edd",
        "is_verified": false,
        "line_number": 215,
        "is_secret": false
      },
      {
        "type": "Secret Keyword",
        "filename": ".github/workflows/dependency-updates.yml",
        "hashed_secret": "d4e0e04792fd434b5dc9c4155c178f66edcf4ed3",
        "is_verified": false,
        "line_number": 217,
        "is_secret": false
      }
    ],
    ".github/workflows/migration-check.yml": [
      {
        "type": "Secret Keyword",
        "filename": ".github/workflows/migration-check.yml",
        "hashed_secret": "9fb7fe1217aed442b04c0f5e43b5d5a7d3287097",
        "is_verified": false,
        "line_number": 208,
        "is_secret": false
      },
      {
        "type": "Basic Auth Credentials",
        "filename": ".github/workflows/migration-check.yml",
        "hashed_secret": "9fb7fe1217aed442b04c0f5e43b5d5a7d3287097",
        "is_verified": false,
        "line_number": 244,
        "is_secret": false
      }
    ],
    ".github/workflows/performance-monitoring.yml": [
      {
        "type": "Secret Keyword",
        "filename": ".github/workflows/performance-monitoring.yml",
        "hashed_secret": "206c80413b9a96c1312cc346b7d2517b84463edd",
        "is_verified": false,
        "line_number": 327,
        "is_secret": false
      },
      {
        "type": "Basic Auth Credentials",
        "filename": ".github/workflows/performance-monitoring.yml",
        "hashed_secret": "206c80413b9a96c1312cc346b7d2517b84463edd",
        "is_verified": false,
        "line_number": 351,
        "is_secret": false
      }
    ],
    ".github/workflows/production-deploy.yml": [
      {
        "type": "Secret Keyword",
        "filename": ".github/workflows/production-deploy.yml",
        "hashed_secret": "206c80413b9a96c1312cc346b7d2517b84463edd",
        "is_verified": false,
        "line_number": 88,
        "is_secret": false
      },
      {
        "type": "Basic Auth Credentials",
        "filename": ".github/workflows/production-deploy.yml",
        "hashed_secret": "206c80413b9a96c1312cc346b7d2517b84463edd",
        "is_verified": false,
        "line_number": 153,
        "is_secret": false
      },
      {
        "type": "Secret Keyword",
        "filename": ".github/workflows/production-deploy.yml",
        "hashed_secret": "d4e0e04792fd434b5dc9c4155c178f66edcf4ed3",
        "is_verified": false,
        "line_number": 155,
        "is_secret": false
      }
    ],
    ".github/workflows/release-management.yml": [
      {
        "type": "Secret Keyword",
        "filename": ".github/workflows/release-management.yml",
        "hashed_secret": "206c80413b9a96c1312cc346b7d2517b84463edd",
        "is_verified": false,
        "line_number": 253,
        "is_secret": false
      },
      {
        "type": "Basic Auth Credentials",
        "filename": ".github/workflows/release-management.yml",
        "hashed_secret": "206c80413b9a96c1312cc346b7d2517b84463edd",
        "is_verified": false,
        "line_number": 290,
        "is_secret": false
      },
      {
        "type": "Secret Keyword",
        "filename": ".github/workflows/release-management.yml",
        "hashed_secret": "d4e0e04792fd434b5dc9c4155c178f66edcf4ed3",
        "is_verified": false,
        "line_number": 292,
        "is_secret": false
      }
    ],
    ".github/workflows/reusable-test.yml": [
      {
        "type": "Secret Keyword",
        "filename": ".github/workflows/reusable-test.yml",
        "hashed_secret": "206c80413b9a96c1312cc346b7d2517b84463edd",
        "is_verified": false,
        "line_number": 73,
        "is_secret": false
      },
      {
        "type": "Basic Auth Credentials",
        "filename": ".github/workflows/reusable-test.yml",
        "hashed_secret": "206c80413b9a96c1312cc346b7d2517b84463edd",
        "is_verified": false,
        "line_number": 133,
        "is_secret": false
      },
      {
        "type": "Secret Keyword",
        "filename": ".github/workflows/reusable-test.yml",
        "hashed_secret": "8e25a23bca2c45907e35a9f2ced928d63d4b64cc",
        "is_verified": false,
        "line_number": 290,
        "is_secret": false
      }
    ],
    ".github/workflows/workflow-coordinator.yml": [
      {
        "type": "Secret Keyword",
        "filename": ".github/workflows/workflow-coordinator.yml",
        "hashed_secret": "3e26d6750975d678acb8fa35a0f69237881576b0",
        "is_verified": false,
        "line_number": 143,
        "is_secret": false
      }
    ],
    "Dockerfile.backend": [
      {
        "type": "Hex High Entropy String",
        "filename": "Dockerfile.backend",
        "hashed_secret": "76e536fe5da8f62021c1622f0fbdaaf753cbad50",
        "is_verified": false,
        "line_number": 37,
        "is_secret": false
      }
    ],
    "alembic.ini": [
      {
        "type": "Basic Auth Credentials",
        "filename": "alembic.ini",
        "hashed_secret": "1727362a714475223abe7282c85576599adc7ff9",
        "is_verified": false,
        "line_number": 53,
        "is_secret": false
      }
    ],
    "backend/api/routers/admin.py": [
      {
        "type": "Secret Keyword",
        "filename": "backend/api/routers/admin.py",
        "hashed_secret": "c3147989a901a5bc5a12b9264d4e21e5a3662d63",
        "is_verified": false,
        "line_number": 54,
        "is_secret": false
      }
    ],
    "backend/docs/deployment/PHASE2B_WAVE3AB_COMPLETION.md": [
      {
        "type": "Secret Keyword",
        "filename": "backend/docs/deployment/PHASE2B_WAVE3AB_COMPLETION.md",
        "hashed_secret": "00942f4668670f34c5943cf52c7ef3139fe2b8d6",
        "is_verified": false,
        "line_number": 26,
        "is_secret": false
      }
    ],
    "backend/docs/deployment/PHASE2B_WAVE3_COMPLETE.md": [
      {
        "type": "Secret Keyword",
        "filename": "backend/docs/deployment/PHASE2B_WAVE3_COMPLETE.md",
        "hashed_secret": "708283c807604023835484455f642125918d5428",
        "is_verified": false,
        "line_number": 77,
        "is_secret": false
      }
    ],
    "backend/docs/deployment/PHASE2B_WAVE3_PLAN.md": [
      {
        "type": "Secret Keyword",
        "filename": "backend/docs/deployment/PHASE2B_WAVE3_PLAN.md",
        "hashed_secret": "00942f4668670f34c5943cf52c7ef3139fe2b8d6",
        "is_verified": false,
        "line_number": 64,
        "is_secret": false
      }
    ],
    "backend/scripts/compare_bridge_vs_neon.py": [
      {
        "type": "Basic Auth Credentials",
        "filename": "backend/scripts/compare_bridge_vs_neon.py",
        "hashed_secret": "9d4e1e23bd5b727046a9e3b4b7db57bd8d6ee684",
        "is_verified": false,
        "line_number": 101,
        "is_secret": false
      }
    ],
    "backend/security/audit_logging.py": [
      {
        "type": "Secret Keyword",
        "filename": "backend/security/audit_logging.py",
        "hashed_secret": "94732424e16be827cd46aa294394ab3ce93b55f4",
        "is_verified": false,
        "line_number": 53,
        "is_secret": false
      },
      {
        "type": "Secret Keyword",
        "filename": "backend/security/audit_logging.py",
        "hashed_secret": "09fa5c71d9f96b70b0e47ad9760e99a1c30178c8",
        "is_verified": false,
        "line_number": 248,
        "is_secret": false
      }
    ],
    "backend/security/data_encryption.py": [
      {
        "type": "Secret Keyword",
        "filename": "backend/security/data_encryption.py",
        "hashed_secret": "09fa5c71d9f96b70b0e47ad9760e99a1c30178c8",
        "is_verified": false,
        "line_number": 123,
        "is_secret": false
      }
    ],
    "backend/security/enhanced_auth.py": [
      {
        "type": "Secret Keyword",
        "filename": "backend/security/enhanced_auth.py",
        "hashed_secret": "c2d5177df2e8161f398a099222ce551d0594cd34",
        "is_verified": false,
        "line_number": 237,
        "is_secret": false
      }
    ],
    "backend/security/input_validation.py": [
      {
        "type": "Secret Keyword",
        "filename": "backend/security/input_validation.py",
        "hashed_secret": "5baa61e4c9b93f3f0682250b6cf8331b7ee68fd8",
        "is_verified": false,
        "line_number": 53,
        "is_secret": false
      }
    ],
    "backend/security/rate_limiter.py": [
      {
        "type": "Secret Keyword",
        "filename": "backend/security/rate_limiter.py",
        "hashed_secret": "a613756e030149431b0337e8b3a6c62440eb5ddc",
        "is_verified": false,
        "line_number": 43,
        "is_secret": false
      }
    ],
    "backend/security/secrets_manager.py": [
      {
        "type": "Secret Keyword",
        "filename": "backend/security/secrets_manager.py",
        "hashed_secret": "665b1e3851eefefa3fb878654292f16597d25155",
        "is_verified": false,
        "line_number": 29,
        "is_secret": false
      },
      {
        "type": "Secret Keyword",
        "filename": "backend/security/secrets_manager.py",
        "hashed_secret": "b757bced171e74b3a6a02db08bf9e3981b1f47b4",
        "is_verified": false,
        "line_number": 33,
        "is_secret": false
      }
    ],
    "backend/security/secrets_vault.py": [
      {
        "type": "Secret Keyword",
        "filename": "backend/security/secrets_vault.py",
        "hashed_secret": "665b1e3851eefefa3fb878654292f16597d25155",
        "is_verified": false,
        "line_number": 31,
        "is_secret": false
      },
      {
        "type": "Secret Keyword",
        "filename": "backend/security/secrets_vault.py",
        "hashed_secret": "c2d5177df2e8161f398a099222ce551d0594cd34",
        "is_verified": false,
        "line_number": 34,
        "is_secret": false
      },
      {
        "type": "Secret Keyword",
        "filename": "backend/security/secrets_vault.py",
        "hashed_secret": "b757bced171e74b3a6a02db08bf9e3981b1f47b4",
        "is_verified": false,
        "line_number": 35,
        "is_secret": false
      },
      {
        "type": "Secret Keyword",
        "filename": "backend/security/secrets_vault.py",
        "hashed_secret": "76250810404b5ed0dd9b193bda7278d7f166a664",
        "is_verified": false,
        "line_number": 37,
        "is_secret": false
      }
    ],
    "backend/security/security_config.py": [
      {
        "type": "Secret Keyword",
        "filename": "backend/security/security_config.py",
        "hashed_secret": "9f0eebb9374c9b37602b8a2d8533283ec4d7165b",
        "is_verified": false,
        "line_number": 223,
        "is_secret": false
      }
    ],
    "backend/tests/README.md": [
      {
        "type": "Basic Auth Credentials",
        "filename": "backend/tests/README.md",
        "hashed_secret": "c94d65f02a652d11c2e5c2e1ccf38dce5a076e1e",
        "is_verified": false,
        "line_number": 328,
        "is_secret": false
      }
    ],
    "backend/tests/conftest.py": [
      {
        "type": "Secret Keyword",
        "filename": "backend/tests/conftest.py",
        "hashed_secret": "6731834487e9dd32ec3df63994d996da1133dbb9",
        "is_verified": false,
        "line_number": 468,
        "is_secret": false
      },
      {
        "type": "Secret Keyword",
        "filename": "backend/tests/conftest.py",
        "hashed_secret": "4a6114be939b701c15f42fcdcf7d6c3f56608f03",
        "is_verified": false,
        "line_number": 469,
        "is_secret": false
      },
      {
        "type": "Secret Keyword",
        "filename": "backend/tests/conftest.py",
        "hashed_secret": "e52a263d7d2fc7c885d16aeb84553e56815d8ade",
        "is_verified": false,
        "line_number": 470,
        "is_secret": false
      },
      {
        "type": "Secret Keyword",
        "filename": "backend/tests/conftest.py",
        "hashed_secret": "e8ad13de19abbd411192686c409c9dfbb401af21",
        "is_verified": false,
        "line_number": 471,
        "is_secret": false
      },
      {
        "type": "Secret Keyword",
        "filename": "backend/tests/conftest.py",
        "hashed_secret": "9e32d3fe5d516fe232bfaab01d66436ce6e76d5e",
        "is_verified": false,
        "line_number": 472,
        "is_secret": false
      }
    ],
    "backend/tests/integration/test_news_router.py": [
      {
        "type": "Secret Keyword",
        "filename": "backend/tests/integration/test_news_router.py",
        "hashed_secret": "6318553899daae2941718c02508aeee938af1a1c",
        "is_verified": false,
        "line_number": 38,
        "is_secret": false
      }
    ],
    "backend/tests/integration/test_phase3_integration.py": [
      {
        "type": "Secret Keyword",
        "filename": "backend/tests/integration/test_phase3_integration.py",
        "hashed_secret": "7288edd0fc3ffcbe93a0cf06e3568e28521687bc",
        "is_verified": false,
        "line_number": 159,
        "is_secret": false
      }
    ],
    "backend/tests/security/test_jwt_single_verifier_201.py": [
      {
        "type": "Secret Keyword",
        "filename": "backend/tests/security/test_jwt_single_verifier_201.py",
        "hashed_secret": "1532d323d3cdbc3b0475b7fa6d19a513cffe6264",
        "is_verified": false,
        "line_number": 174,
        "is_secret": false
      },
      {
        "type": "Secret Keyword",
        "filename": "backend/tests/security/test_jwt_single_verifier_201.py",
        "hashed_secret": "69e62acd366b967810c3760867e807f5c095f5ec",
        "is_verified": false,
        "line_number": 175,
        "is_secret": false
      }
    ],
    "backend/tests/test_data_pipeline_integration.py": [
      {
        "type": "Secret Keyword",
        "filename": "backend/tests/test_data_pipeline_integration.py",
        "hashed_secret": "00942f4668670f34c5943cf52c7ef3139fe2b8d6",
        "is_verified": false,
        "line_number": 174,
        "is_secret": false
      }
    ],
    "backend/tests/test_database_integration.py": [
      {
        "type": "Secret Keyword",
        "filename": "backend/tests/test_database_integration.py",
        "hashed_secret": "6318553899daae2941718c02508aeee938af1a1c",
        "is_verified": false,
        "line_number": 626,
        "is_secret": false
      }
    ],
    "backend/tests/test_error_scenarios.py": [
      {
        "type": "Secret Keyword",
        "filename": "backend/tests/test_error_scenarios.py",
        "hashed_secret": "86f8358eb7679df11d700c05d55add124da76009",
        "is_verified": false,
        "line_number": 60,
        "is_secret": false
      }
    ],
    "backend/tests/test_register_populates_username.py": [
      {
        "type": "Secret Keyword",
        "filename": "backend/tests/test_register_populates_username.py",
        "hashed_secret": "544be59237b06209cd71d6009fd33baef79465b6",
        "is_verified": false,
        "line_number": 53,
        "is_secret": false
      }
    ],
    "backend/tests/test_security_compliance.py": [
      {
        "type": "Secret Keyword",
        "filename": "backend/tests/test_security_compliance.py",
        "hashed_secret": "7a17bc9911a8d3f78c5da0d68d79590d24f1123f",
        "is_verified": false,
        "line_number": 74,
        "is_secret": false
      },
      {
        "type": "Secret Keyword",
        "filename": "backend/tests/test_security_compliance.py",
        "hashed_secret": "1089adfb1f11b95df31344030507912b5abdf57a",
        "is_verified": false,
        "line_number": 80,
        "is_secret": false
      },
      {
        "type": "Secret Keyword",
        "filename": "backend/tests/test_security_compliance.py",
        "hashed_secret": "c6b874752d7c09d9f7caa3e126d0836877003cea",
        "is_verified": false,
        "line_number": 151,
        "is_secret": false
      },
      {
        "type": "Secret Keyword",
        "filename": "backend/tests/test_security_compliance.py",
        "hashed_secret": "58067b8a42c8ab7ab31c772db28262524326f1dc",
        "is_verified": false,
        "line_number": 475,
        "is_secret": false
      },
      {
        "type": "Secret Keyword",
        "filename": "backend/tests/test_security_compliance.py",
        "hashed_secret": "05889347b75921b747847832df32a209a0321aec",
        "is_verified": false,
        "line_number": 513,
        "is_secret": false
      }
    ],
    "backend/tests/test_security_integration.py": [
      {
        "type": "Secret Keyword",
        "filename": "backend/tests/test_security_integration.py",
        "hashed_secret": "e5e9fa1ba31ecd1ae84f75caaa474f3a663f05f4",
        "is_verified": false,
        "line_number": 141,
        "is_secret": false
      },
      {
        "type": "Secret Keyword",
        "filename": "backend/tests/test_security_integration.py",
        "hashed_secret": "f274c2abfc310b23431ce4cbea830e7f76b06042",
        "is_verified": false,
        "line_number": 170,
        "is_secret": false
      },
      {
        "type": "Secret Keyword",
        "filename": "backend/tests/test_security_integration.py",
        "hashed_secret": "5baa61e4c9b93f3f0682250b6cf8331b7ee68fd8",
        "is_verified": false,
        "line_number": 206,
        "is_secret": false
      },
      {
        "type": "Secret Keyword",
        "filename": "backend/tests/test_security_integration.py",
        "hashed_secret": "a4b48a81cdab1e1a5dd37907d6c85ca1c61ddc7c",
        "is_verified": false,
        "line_number": 507,
        "is_secret": false
      },
      {
        "type": "Secret Keyword",
        "filename": "backend/tests/test_security_integration.py",
        "hashed_secret": "3179a65eff2523bbde53c99b299b719c10a35235",
        "is_verified": false,
        "line_number": 521,
        "is_secret": false
      }
    ],
    "backend/tests/test_thesis_api.py": [
      {
        "type": "Secret Keyword",
        "filename": "backend/tests/test_thesis_api.py",
        "hashed_secret": "e24114b7e08681dc91c43a0a76e8b7c14f8c2fb8",
        "is_verified": false,
        "line_number": 307,
        "is_secret": false
      }
    ],
    "backend/tests/unit/test_admin_service.py": [
      {
        "type": "Secret Keyword",
        "filename": "backend/tests/unit/test_admin_service.py",
        "hashed_secret": "dd53ada48334bf2ee8bf49bcbef43c1d6b6b39d7",
        "is_verified": false,
        "line_number": 561,
        "is_secret": false
      },
      {
        "type": "Secret Keyword",
        "filename": "backend/tests/unit/test_admin_service.py",
        "hashed_secret": "070088e08ae5ddf383a9050b4b9ca69d3540b439",
        "is_verified": false,
        "line_number": 600,
        "is_secret": false
      }
    ],
    "backend/tests/unit/test_compare_bridge_vs_neon.py": [
      {
        "type": "Secret Keyword",
        "filename": "backend/tests/unit/test_compare_bridge_vs_neon.py",
        "hashed_secret": "775d6dc72d0e45dfe8fceec280f139a15d7fc370",
        "is_verified": false,
        "line_number": 195,
        "is_secret": false
      },
      {
        "type": "Basic Auth Credentials",
        "filename": "backend/tests/unit/test_compare_bridge_vs_neon.py",
        "hashed_secret": "f3bbbd66a63d4bf1747940578ec3d0103530e21d",
        "is_verified": false,
        "line_number": 195,
        "is_secret": false
      }
    ],
    "backend/tests/unit/test_data_ingestion.py": [
      {
        "type": "Secret Keyword",
        "filename": "backend/tests/unit/test_data_ingestion.py",
        "hashed_secret": "69bc9d437b8ae4a9de7cee84bcc31e623b1e585f",
        "is_verified": false,
        "line_number": 259,
        "is_secret": false
      },
      {
        "type": "Secret Keyword",
        "filename": "backend/tests/unit/test_data_ingestion.py",
        "hashed_secret": "2bdd7e619fb9139fe3b73373d5976762a48ae9a5",
        "is_verified": false,
        "line_number": 278,
        "is_secret": false
      },
      {
        "type": "Secret Keyword",
        "filename": "backend/tests/unit/test_data_ingestion.py",
        "hashed_secret": "27bf0f601515ecabbc185172c59f15f523a666c7",
        "is_verified": false,
        "line_number": 452,
        "is_secret": false
      },
      {
        "type": "Secret Keyword",
        "filename": "backend/tests/unit/test_data_ingestion.py",
        "hashed_secret": "b8111f4b658dc4eedc260536a952a86fd5a527cc",
        "is_verified": false,
        "line_number": 715,
        "is_secret": false
      },
      {
        "type": "Secret Keyword",
        "filename": "backend/tests/unit/test_data_ingestion.py",
        "hashed_secret": "00942f4668670f34c5943cf52c7ef3139fe2b8d6",
        "is_verified": false,
        "line_number": 742,
        "is_secret": false
      },
      {
        "type": "Secret Keyword",
        "filename": "backend/tests/unit/test_data_ingestion.py",
        "hashed_secret": "8c7e2e23e2dbf32cefa9eb8fbbb18d754672702e",
        "is_verified": false,
        "line_number": 1091,
        "is_secret": false
      },
      {
        "type": "Secret Keyword",
        "filename": "backend/tests/unit/test_data_ingestion.py",
        "hashed_secret": "51d64cc68f24a8a604e98bcaf2a05668bf53baa3",
        "is_verified": false,
        "line_number": 1122,
        "is_secret": false
      }
    ],
    "backend/tests/unit/test_ml_extended_agent1.py": [
      {
        "type": "Hex High Entropy String",
        "filename": "backend/tests/unit/test_ml_extended_agent1.py",
        "hashed_secret": "e8e6c2284ab5bee4de2ee53880c8fc2a4728d3e8",
        "is_verified": false,
        "line_number": 864,
        "is_secret": false
      }
    ],
    "backend/tests/unit/test_monitoring_extended_agent4.py": [
      {
        "type": "Secret Keyword",
        "filename": "backend/tests/unit/test_monitoring_extended_agent4.py",
        "hashed_secret": "fe1bae27cb7c1fb823f496f286e78f1d2ae87734",
        "is_verified": false,
        "line_number": 1114,
        "is_secret": false
      }
    ],
    "backend/tests/unit/test_realtime_price_service.py": [
      {
        "type": "Secret Keyword",
        "filename": "backend/tests/unit/test_realtime_price_service.py",
        "hashed_secret": "d58f8c42247f1cf100bf63f196d93d7d302e8ca9",
        "is_verified": false,
        "line_number": 74,
        "is_secret": false
      },
      {
        "type": "Secret Keyword",
        "filename": "backend/tests/unit/test_realtime_price_service.py",
        "hashed_secret": "e9b4dce312643ee0e1bd0561a50d9d5a7e5a2be1",
        "is_verified": false,
        "line_number": 81,
        "is_secret": false
      },
      {
        "type": "Secret Keyword",
        "filename": "backend/tests/unit/test_realtime_price_service.py",
        "hashed_secret": "3acfb2c2b433c0ea7ff107e33df91b18e52f960f",
        "is_verified": false,
        "line_number": 87,
        "is_secret": false
      },
      {
        "type": "Secret Keyword",
        "filename": "backend/tests/unit/test_realtime_price_service.py",
        "hashed_secret": "71fdbe9f60b1157a53c18b7ec93d4041d828aaad",
        "is_verified": false,
        "line_number": 689,
        "is_secret": false
      },
      {
        "type": "Secret Keyword",
        "filename": "backend/tests/unit/test_realtime_price_service.py",
        "hashed_secret": "f5fa40b41964c9b19dd2b53884936a1236b8cb45",
        "is_verified": false,
        "line_number": 692,
        "is_secret": false
      },
      {
        "type": "Secret Keyword",
        "filename": "backend/tests/unit/test_realtime_price_service.py",
        "hashed_secret": "a62f2225bf70bfaccbc7f1ef2a397836717377de",
        "is_verified": false,
        "line_number": 918,
        "is_secret": false
      }
    ],
    "backend/tests/unit/test_repositories_unit.py": [
      {
        "type": "Secret Keyword",
        "filename": "backend/tests/unit/test_repositories_unit.py",
        "hashed_secret": "6318553899daae2941718c02508aeee938af1a1c",
        "is_verified": false,
        "line_number": 104,
        "is_secret": false
      }
    ],
    "backend/tests/utils/test_db_pool_budget_202.py": [
      {
        "type": "Basic Auth Credentials",
        "filename": "backend/tests/utils/test_db_pool_budget_202.py",
        "hashed_secret": "9d4e1e23bd5b727046a9e3b4b7db57bd8d6ee684",
        "is_verified": false,
        "line_number": 42,
        "is_secret": false
      }
    ],
    "backend/utils/audit_logger.py": [
      {
        "type": "Secret Keyword",
        "filename": "backend/utils/audit_logger.py",
        "hashed_secret": "d58ae0e827d7dab9086299add9adebf5a64c501d",
        "is_verified": false,
        "line_number": 27,
        "is_secret": false
      },
      {
        "type": "Secret Keyword",
        "filename": "backend/utils/audit_logger.py",
        "hashed_secret": "6d2617864a346482238c04342cf8409cd25e3a69",
        "is_verified": false,
        "line_number": 49,
        "is_secret": false
      },
      {
        "type": "Secret Keyword",
        "filename": "backend/utils/audit_logger.py",
        "hashed_secret": "8ef2e57d0ea7ff8a45aff4e3696922b1848860da",
        "is_verified": false,
        "line_number": 50,
        "is_secret": false
      }
    ],
    "backend/utils/db_read_replicas.py": [
      {
        "type": "Basic Auth Credentials",
        "filename": "backend/utils/db_read_replicas.py",
        "hashed_secret": "9d4e1e23bd5b727046a9e3b4b7db57bd8d6ee684",
        "is_verified": false,
        "line_number": 358,
        "is_secret": false
      }
    ],
    "backend/utils/db_timescale_init.py": [
      {
        "type": "Basic Auth Credentials",
        "filename": "backend/utils/db_timescale_init.py",
        "hashed_secret": "5baa61e4c9b93f3f0682250b6cf8331b7ee68fd8",
        "is_verified": false,
        "line_number": 29,
        "is_secret": false
      }
    ],
    "config/infrastructure/kubernetes/deployment.yaml": [
      {
        "type": "Secret Keyword",
        "filename": "config/infrastructure/kubernetes/deployment.yaml",
        "hashed_secret": "3c6959bf80f9b372229b50587a3758ec34b2970f",
        "is_verified": false,
        "line_number": 358,
        "is_secret": false
      },
      {
        "type": "Secret Keyword",
        "filename": "config/infrastructure/kubernetes/deployment.yaml",
        "hashed_secret": "1e8c7bc56a8fd805c4fe8d8652a8c444d6e8a448",
        "is_verified": false,
        "line_number": 412,
        "is_secret": false
      }
    ],
    "config/infrastructure/kubernetes/secrets-sealed.yaml": [
      {
        "type": "Secret Keyword",
        "filename": "config/infrastructure/kubernetes/secrets-sealed.yaml",
        "hashed_secret": "f468241914a8402fe764eb2ed584a13aa6288515",
        "is_verified": false,
        "line_number": 53,
        "is_secret": false
      }
    ],
    "data_pipelines/airflow/dags/utils/technical_indicators_calculator.py": [
      {
        "type": "Basic Auth Credentials",
        "filename": "data_pipelines/airflow/dags/utils/technical_indicators_calculator.py",
        "hashed_secret": "5baa61e4c9b93f3f0682250b6cf8331b7ee68fd8",
        "is_verified": false,
        "line_number": 638,
        "is_secret": false
      }
    ],
    "data_pipelines/airflow/dags/utils/test_technical_indicators.py": [
      {
        "type": "Basic Auth Credentials",
        "filename": "data_pipelines/airflow/dags/utils/test_technical_indicators.py",
        "hashed_secret": "a94a8fe5ccb19ba61c4c0873d391e987982fbbd3",
        "is_verified": false,
        "line_number": 64,
        "is_secret": false
      }
    ],
    "docker-compose.test.yml": [
      {
        "type": "Secret Keyword",
        "filename": "docker-compose.test.yml",
        "hashed_secret": "9fb7fe1217aed442b04c0f5e43b5d5a7d3287097",
        "is_verified": false,
        "line_number": 12,
        "is_secret": false
      }
    ],
    "docs/BACKUP_RECOVERY_GUIDE.md": [
      {
        "type": "Base64 High Entropy String",
        "filename": "docs/BACKUP_RECOVERY_GUIDE.md",
        "hashed_secret": "2caa9691169ab801ed21d7b841c8dbed6c422b19",
        "is_verified": false,
        "line_number": 67,
        "is_secret": false
      }
    ],
    "docs/ENVIRONMENT.md": [
      {
        "type": "Basic Auth Credentials",
        "filename": "docs/ENVIRONMENT.md",
        "hashed_secret": "afc848c316af1a89d49826c5ae9d00ed769415f3",
        "is_verified": false,
        "line_number": 307,
        "is_secret": false
      }
    ],
    "docs/GITHUB_WORKFLOWS.md": [
      {
        "type": "Basic Auth Credentials",
        "filename": "docs/GITHUB_WORKFLOWS.md",
        "hashed_secret": "206c80413b9a96c1312cc346b7d2517b84463edd",
        "is_verified": false,
        "line_number": 719,
        "is_secret": false
      }
    ],
    "docs/PRODUCTION_DEPLOYMENT_GUIDE.md": [
      {
        "type": "Secret Keyword",
        "filename": "docs/PRODUCTION_DEPLOYMENT_GUIDE.md",
        "hashed_secret": "a94a8fe5ccb19ba61c4c0873d391e987982fbbd3",
        "is_verified": false,
        "line_number": 170,
        "is_secret": false
      }
    ],
    "docs/QA_ACTION_PLAN.md": [
      {
        "type": "Secret Keyword",
        "filename": "docs/QA_ACTION_PLAN.md",
        "hashed_secret": "382caa7c44ee23ee25616f7e303af33c591efc3a",
        "is_verified": false,
        "line_number": 943,
        "is_secret": false
      }
    ],
    "docs/SECURITY.md": [
      {
        "type": "Secret Keyword",
        "filename": "docs/SECURITY.md",
        "hashed_secret": "354b3a4b7715d3694c88a4fa7db49e41de86568e",
        "is_verified": false,
        "line_number": 86,
        "is_secret": false
      },
      {
        "type": "Secret Keyword",
        "filename": "docs/SECURITY.md",
        "hashed_secret": "5baa61e4c9b93f3f0682250b6cf8331b7ee68fd8",
        "is_verified": false,
        "line_number": 215,
        "is_secret": false
      },
      {
        "type": "Secret Keyword",
        "filename": "docs/SECURITY.md",
        "hashed_secret": "33eafeb967e2f62c6da67fa985f48bc181c4b3cb",
        "is_verified": false,
        "line_number": 763,
        "is_secret": false
      },
      {
        "type": "Secret Keyword",
        "filename": "docs/SECURITY.md",
        "hashed_secret": "b60d121b438a380c343d5ec3c2037564b82ffef3",
        "is_verified": false,
        "line_number": 1067,
        "is_secret": false
      }
    ],
    "docs/TROUBLESHOOTING.md": [
      {
        "type": "Secret Keyword",
        "filename": "docs/TROUBLESHOOTING.md",
        "hashed_secret": "b48cf0140bea12734db05ebcdb012f1d265bed84",
        "is_verified": false,
        "line_number": 319,
        "is_secret": false
      }
    ],
    "docs/api/V1_TO_V2_MIGRATION_GUIDE.md": [
      {
        "type": "Secret Keyword",
        "filename": "docs/api/V1_TO_V2_MIGRATION_GUIDE.md",
        "hashed_secret": "5baa61e4c9b93f3f0682250b6cf8331b7ee68fd8",
        "is_verified": false,
        "line_number": 239,
        "is_secret": false
      }
    ],
    "docs/audits/2026-04/_meta/aggregate.json": [
      {
        "type": "Secret Keyword",
        "filename": "docs/audits/2026-04/_meta/aggregate.json",
        "hashed_secret": "0737c22d3bfae812339732d14d8c7dbd6dc4e09c",
        "is_verified": false,
        "line_number": 143,
        "is_secret": false
      }
    ],
    "docs/audits/2026-04/_synthesis/_meta/artifacts/A1-rotation-runbook.md": [
      {
        "type": "Secret Keyword",
        "filename": "docs/audits/2026-04/_synthesis/_meta/artifacts/A1-rotation-runbook.md",
        "hashed_secret": "1727362a714475223abe7282c85576599adc7ff9",
        "is_verified": false,
        "line_number": 58,
        "is_secret": false
      }
    ],
    "docs/audits/2026-04/_synthesis/_meta/findings-master.jsonl": [
      {
        "type": "Basic Auth Credentials",
        "filename": "docs/audits/2026-04/_synthesis/_meta/findings-master.jsonl",
        "hashed_secret": "1727362a714475223abe7282c85576599adc7ff9",
        "is_verified": false,
        "line_number": 121,
        "is_secret": false
      }
    ],
    "docs/audits/2026-04/_synthesis/_meta/slices/A.jsonl": [
      {
        "type": "Basic Auth Credentials",
        "filename": "docs/audits/2026-04/_synthesis/_meta/slices/A.jsonl",
        "hashed_secret": "1727362a714475223abe7282c85576599adc7ff9",
        "is_verified": false,
        "line_number": 3,
        "is_secret": false
      }
    ],
    "docs/audits/2026-04/_synthesis/workpaper/A.md": [
      {
        "type": "Secret Keyword",
        "filename": "docs/audits/2026-04/_synthesis/workpaper/A.md",
        "hashed_secret": "1727362a714475223abe7282c85576599adc7ff9",
        "is_verified": false,
        "line_number": 46,
        "is_secret": false
      },
      {
        "type": "Secret Keyword",
        "filename": "docs/audits/2026-04/_synthesis/workpaper/A.md",
        "hashed_secret": "0af0ffa2418d0d92acde7278fccad873d0d03e8a",
        "is_verified": false,
        "line_number": 108,
        "is_secret": false
      },
      {
        "type": "Basic Auth Credentials",
        "filename": "docs/audits/2026-04/_synthesis/workpaper/A.md",
        "hashed_secret": "a94a8fe5ccb19ba61c4c0873d391e987982fbbd3",
        "is_verified": false,
        "line_number": 215,
        "is_secret": false
      }
    ],
    "docs/audits/2026-04/_synthesis/workpaper/B.md": [
      {
        "type": "Secret Keyword",
        "filename": "docs/audits/2026-04/_synthesis/workpaper/B.md",
        "hashed_secret": "9f316ce93b81ace393adf7db021afc3643c2b8e1",
        "is_verified": false,
        "line_number": 7,
        "is_secret": false
      }
    ],
    "docs/audits/2026-04/reports/07-database-persistence.md": [
      {
        "type": "Basic Auth Credentials",
        "filename": "docs/audits/2026-04/reports/07-database-persistence.md",
        "hashed_secret": "1727362a714475223abe7282c85576599adc7ff9",
        "is_verified": false,
        "line_number": 61,
        "is_secret": false
      }
    ],
    "docs/audits/2026-04/reports/15-test-suite.md": [
      {
        "type": "Secret Keyword",
        "filename": "docs/audits/2026-04/reports/15-test-suite.md",
        "hashed_secret": "7a17bc9911a8d3f78c5da0d68d79590d24f1123f",
        "is_verified": false,
        "line_number": 310,
        "is_secret": false
      }
    ],
    "docs/deployment/PHASE3_DEPLOYMENT_CHECKLIST.md": [
      {
        "type": "Secret Keyword",
        "filename": "docs/deployment/PHASE3_DEPLOYMENT_CHECKLIST.md",
        "hashed_secret": "0c6ba03885f3aae765fbf20f07f514a44dbda30a",
        "is_verified": false,
        "line_number": 396,
        "is_secret": false
      },
      {
        "type": "Secret Keyword",
        "filename": "docs/deployment/PHASE3_DEPLOYMENT_CHECKLIST.md",
        "hashed_secret": "a94a8fe5ccb19ba61c4c0873d391e987982fbbd3",
        "is_verified": false,
        "line_number": 645,
        "is_secret": false
      }
    ],
    "docs/deployment/PHASE6_PHASE1_COMPLETE.md": [
      {
        "type": "Basic Auth Credentials",
        "filename": "docs/deployment/PHASE6_PHASE1_COMPLETE.md",
        "hashed_secret": "112bb791304791ddcf692e29fd5cf149b35fea37",
        "is_verified": false,
        "line_number": 183,
        "is_secret": false
      }
    ],
    "docs/deployment/PHASE6_PHASE1_PROGRESS.md": [
      {
        "type": "Secret Keyword",
        "filename": "docs/deployment/PHASE6_PHASE1_PROGRESS.md",
        "hashed_secret": "927da732e6d17a927f309644b0389308f230db68",
        "is_verified": false,
        "line_number": 34,
        "is_secret": true
      }
    ],
    "docs/ml/ML_PIPELINE_DOCUMENTATION.md": [
      {
        "type": "Basic Auth Credentials",
        "filename": "docs/ml/ML_PIPELINE_DOCUMENTATION.md",
        "hashed_secret": "9d4e1e23bd5b727046a9e3b4b7db57bd8d6ee684",
        "is_verified": false,
        "line_number": 305,
        "is_secret": false
      }
    ],
    "docs/reports/security-audit-report.md": [
      {
        "type": "Secret Keyword",
        "filename": "docs/reports/security-audit-report.md",
        "hashed_secret": "927da732e6d17a927f309644b0389308f230db68",
        "is_verified": false,
        "line_number": 37,
        "is_secret": true
      },
      {
        "type": "Secret Keyword",
        "filename": "docs/reports/security-audit-report.md",
        "hashed_secret": "b20f9c889bbeb53e42ce33177661c76a1cd825a8",
        "is_verified": false,
        "line_number": 38,
        "is_secret": true
      },
      {
        "type": "Secret Keyword",
        "filename": "docs/reports/security-audit-report.md",
        "hashed_secret": "4f55b30ec71ee060cf60830e7e55a7249f441835",
        "is_verified": false,
        "line_number": 39,
        "is_secret": true
      },
      {
        "type": "GitHub Token",
        "filename": "docs/reports/security-audit-report.md",
        "hashed_secret": "e175c6f5f2a92e8623bd9a4820edb4e8c1b0fd10",
        "is_verified": false,
        "line_number": 353,
        "is_secret": false
      }
    ],
    "docs/runbooks/credential-rotation.md": [
      {
        "type": "Secret Keyword",
        "filename": "docs/runbooks/credential-rotation.md",
        "hashed_secret": "bc8f905e183a476c634a0ede9de377544ebfcc94",
        "is_verified": false,
        "line_number": 64,
        "is_secret": false
      },
      {
        "type": "Secret Keyword",
        "filename": "docs/runbooks/credential-rotation.md",
        "hashed_secret": "d8181e8991390739324a3f498b4b7b268e9a6ff7",
        "is_verified": false,
        "line_number": 65,
        "is_secret": false
      }
    ],
    "docs/security/PHASE1_VERIFICATION_CHECKLIST.md": [
      {
        "type": "Secret Keyword",
        "filename": "docs/security/PHASE1_VERIFICATION_CHECKLIST.md",
        "hashed_secret": "b7bbb48a5b7749f1f908eb3c0c021200c72738ce",
        "is_verified": false,
        "line_number": 42,
        "is_secret": false
      }
    ],
    "docs/security/PHASE3_SECURITY_FINAL.md": [
      {
        "type": "Secret Keyword",
        "filename": "docs/security/PHASE3_SECURITY_FINAL.md",
        "hashed_secret": "51684124902645217fb8fdef7f0ef389d28d5e76",
        "is_verified": false,
        "line_number": 231,
        "is_secret": false
      }
    ],
    "docs/security/SECRET_ROTATION_PLAN.md": [
      {
        "type": "Secret Keyword",
        "filename": "docs/security/SECRET_ROTATION_PLAN.md",
        "hashed_secret": "b7bbb48a5b7749f1f908eb3c0c021200c72738ce",
        "is_verified": false,
        "line_number": 51,
        "is_secret": false
      }
    ],
    "docs/security/SECURITY_CREDENTIALS_AUDIT.md": [
      {
        "type": "Secret Keyword",
        "filename": "docs/security/SECURITY_CREDENTIALS_AUDIT.md",
        "hashed_secret": "fb3b076bd0777815b4f2d40ec4f1673365fee257",
        "is_verified": false,
        "line_number": 299,
        "is_secret": false
      },
      {
        "type": "Secret Keyword",
        "filename": "docs/security/SECURITY_CREDENTIALS_AUDIT.md",
        "hashed_secret": "45630f008187f94b526edb7fec47b3772ed03957",
        "is_verified": false,
        "line_number": 300,
        "is_secret": false
      }
    ],
    "docs/testing/TESTING_GUIDE.md": [
      {
        "type": "Secret Keyword",
        "filename": "docs/testing/TESTING_GUIDE.md",
        "hashed_secret": "72559b51f94a7a3ad058c5740cbe2f7cb0d4080b",
        "is_verified": false,
        "line_number": 74,
        "is_secret": false
      }
    ],
    "frontend/web/src/pages/auth.test.tsx": [
      {
        "type": "Secret Keyword",
        "filename": "frontend/web/src/pages/auth.test.tsx",
        "hashed_secret": "cbfdac6008f9cab4083784cbd1874f76618d2a97",
        "is_verified": false,
        "line_number": 222,
        "is_secret": false
      }
    ],
    "frontend/web/src/store/slices/slices.test.ts": [
      {
        "type": "Secret Keyword",
        "filename": "frontend/web/src/store/slices/slices.test.ts",
        "hashed_secret": "1a91d62f7ca67399625a4368a6ab5d4a3baa6073",
        "is_verified": false,
        "line_number": 242,
        "is_secret": false
      }
    ],
    "frontend/web/tests/e2e/auth.spec.ts": [
      {
        "type": "Secret Keyword",
        "filename": "frontend/web/tests/e2e/auth.spec.ts",
        "hashed_secret": "0ea1e65c276f457fa82a25f563643f30b9f6edab",
        "is_verified": false,
        "line_number": 10,
        "is_secret": false
      },
      {
        "type": "Secret Keyword",
        "filename": "frontend/web/tests/e2e/auth.spec.ts",
        "hashed_secret": "2e3bb45acf7a48448b2ae735112bd62aa0ef592d",
        "is_verified": false,
        "line_number": 16,
        "is_secret": false
      }
    ],
    "frontend/web/tests/e2e/portfolio.spec.ts": [
      {
        "type": "Secret Keyword",
        "filename": "frontend/web/tests/e2e/portfolio.spec.ts",
        "hashed_secret": "bc70a2fd0d3f16612198d8467cfcad40cc43253b",
        "is_verified": false,
        "line_number": 10,
        "is_secret": false
      }
    ],
    "infrastructure/database/optimizations.sql": [
      {
        "type": "Secret Keyword",
        "filename": "infrastructure/database/optimizations.sql",
        "hashed_secret": "f99e569c9067414cd018907691a7404c28dfe6d9",
        "is_verified": false,
        "line_number": 309,
        "is_secret": false
      }
    ],
    "infrastructure/docker/postgres/init.sql": [
      {
        "type": "Secret Keyword",
        "filename": "infrastructure/docker/postgres/init.sql",
        "hashed_secret": "7124dbb97abc294040ff36a3e23fe23831ac860a",
        "is_verified": false,
        "line_number": 31,
        "is_secret": false
      }
    ],
    "infrastructure/docker/postgres/postgresql.prod.conf": [
      {
        "type": "Secret Keyword",
        "filename": "infrastructure/docker/postgres/postgresql.prod.conf",
        "hashed_secret": "2f1aa1e2a58704b452a5dd60ab1bd2b761bf296a",
        "is_verified": false,
        "line_number": 14,
        "is_secret": false
      }
    ],
    "infrastructure/monitoring/prometheus.yml": [
      {
        "type": "Secret Keyword",
        "filename": "infrastructure/monitoring/prometheus.yml",
        "hashed_secret": "d033e22ae348aeb5660fc2140aec35850c4da997",
        "is_verified": false,
        "line_number": 88,
        "is_secret": false
      }
    ],
    "pyproject.toml": [
      {
        "type": "Base64 High Entropy String",
        "filename": "pyproject.toml",
        "hashed_secret": "6a09d10ac296d6a5291bfab19290309af9396b17",
        "is_verified": false,
        "line_number": 194,
        "is_secret": false
      }
    ],
    "run_integration_tests.py": [
      {
        "type": "Secret Keyword",
        "filename": "run_integration_tests.py",
        "hashed_secret": "6731834487e9dd32ec3df63994d996da1133dbb9",
        "is_verified": false,
        "line_number": 77,
        "is_secret": false
      },
      {
        "type": "Secret Keyword",
        "filename": "run_integration_tests.py",
        "hashed_secret": "3e8ab69f2adc85896abec6e7bf845b982397e521",
        "is_verified": false,
        "line_number": 86,
        "is_secret": false
      },
      {
        "type": "Secret Keyword",
        "filename": "run_integration_tests.py",
        "hashed_secret": "23dbd7a2322ecda0f1d50fedfd4428061ece733d",
        "is_verified": false,
        "line_number": 95,
        "is_secret": false
      }
    ],
    "scripts/apply-test-migrations.sh": [
      {
        "type": "Basic Auth Credentials",
        "filename": "scripts/apply-test-migrations.sh",
        "hashed_secret": "927da732e6d17a927f309644b0389308f230db68",
        "is_verified": false,
        "line_number": 16,
        "is_secret": false
      }
    ],
    "scripts/data/activate_pipeline.py": [
      {
        "type": "Secret Keyword",
        "filename": "scripts/data/activate_pipeline.py",
        "hashed_secret": "afc848c316af1a89d49826c5ae9d00ed769415f3",
        "is_verified": false,
        "line_number": 63,
        "is_secret": false
      }
    ],
    "scripts/data/background_loader_enhanced.py": [
      {
        "type": "Basic Auth Credentials",
        "filename": "scripts/data/background_loader_enhanced.py",
        "hashed_secret": "eb1821b2ca018503a2afcdb3abb4ce286c7b000e",
        "is_verified": false,
        "line_number": 63,
        "is_secret": false
      }
    ],
    "scripts/deployment/blue_green_deploy.sh": [
      {
        "type": "Basic Auth Credentials",
        "filename": "scripts/deployment/blue_green_deploy.sh",
        "hashed_secret": "a94a8fe5ccb19ba61c4c0873d391e987982fbbd3",
        "is_verified": false,
        "line_number": 253,
        "is_secret": true
      }
    ],
    "scripts/deployment/start_data_loading.sh": [
      {
        "type": "Basic Auth Credentials",
        "filename": "scripts/deployment/start_data_loading.sh",
        "hashed_secret": "1727362a714475223abe7282c85576599adc7ff9",
        "is_verified": false,
        "line_number": 58,
        "is_secret": true
      }
    ],
    "scripts/init-test-schema.py": [
      {
        "type": "Basic Auth Credentials",
        "filename": "scripts/init-test-schema.py",
        "hashed_secret": "927da732e6d17a927f309644b0389308f230db68",
        "is_verified": false,
        "line_number": 22,
        "is_secret": false
      }
    ],
    "scripts/init_airflow_db.sql": [
      {
        "type": "Secret Keyword",
        "filename": "scripts/init_airflow_db.sql",
        "hashed_secret": "191a7370b2a34f1faf71dd33efcbc6de689c5b5c",
        "is_verified": false,
        "line_number": 12,
        "is_secret": false
      }
    ],
    "scripts/init_database.sh": [
      {
        "type": "Secret Keyword",
        "filename": "scripts/init_database.sh",
        "hashed_secret": "9e813a280b28cbe1aa4226768add3243d443dc95",
        "is_verified": false,
        "line_number": 290,
        "is_secret": false
      }
    ],
    "scripts/init_database_windows.ps1": [
      {
        "type": "Secret Keyword",
        "filename": "scripts/init_database_windows.ps1",
        "hashed_secret": "1727362a714475223abe7282c85576599adc7ff9",
        "is_verified": false,
        "line_number": 74,
        "is_secret": false
      }
    ],
    "scripts/load_historical_data.py": [
      {
        "type": "Basic Auth Credentials",
        "filename": "scripts/load_historical_data.py",
        "hashed_secret": "eb1821b2ca018503a2afcdb3abb4ce286c7b000e",
        "is_verified": false,
        "line_number": 104,
        "is_secret": false
      }
    ],
    "scripts/quick_setup.py": [
      {
        "type": "Basic Auth Credentials",
        "filename": "scripts/quick_setup.py",
        "hashed_secret": "afc848c316af1a89d49826c5ae9d00ed769415f3",
        "is_verified": false,
        "line_number": 53,
        "is_secret": false
      }
    ],
    "scripts/security_validation.py": [
      {
        "type": "Secret Keyword",
        "filename": "scripts/security_validation.py",
        "hashed_secret": "deb6894e47fb5cd2abea8e47f1c4399ac1ff7d11",
        "is_verified": false,
        "line_number": 34,
        "is_secret": false
      }
    ],
    "scripts/seed_demo_data.py": [
      {
        "type": "Secret Keyword",
        "filename": "scripts/seed_demo_data.py",
        "hashed_secret": "c1d115fa919390abd0eefa5316f1d7591c4f2352",
        "is_verified": false,
        "line_number": 82,
        "is_secret": false
      }
    ],
    "scripts/setup-test-env.sh": [
      {
        "type": "Secret Keyword",
        "filename": "scripts/setup-test-env.sh",
        "hashed_secret": "afc848c316af1a89d49826c5ae9d00ed769415f3",
        "is_verified": false,
        "line_number": 24,
        "is_secret": false
      }
    ],
    "scripts/setup/SETUP_ENVIRONMENT.sh": [
      {
        "type": "Basic Auth Credentials",
        "filename": "scripts/setup/SETUP_ENVIRONMENT.sh",
        "hashed_secret": "5baa61e4c9b93f3f0682250b6cf8331b7ee68fd8",
        "is_verified": false,
        "line_number": 278,
        "is_secret": false
      }
    ],
    "scripts/setup/fix_immediate.py": [
      {
        "type": "Basic Auth Credentials",
        "filename": "scripts/setup/fix_immediate.py",
        "hashed_secret": "afc848c316af1a89d49826c5ae9d00ed769415f3",
        "is_verified": false,
        "line_number": 83,
        "is_secret": false
      }
    ],
    "scripts/setup/setup.sh": [
      {
        "type": "Basic Auth Credentials",
        "filename": "scripts/setup/setup.sh",
        "hashed_secret": "afc848c316af1a89d49826c5ae9d00ed769415f3",
        "is_verified": false,
        "line_number": 79,
        "is_secret": false
      }
    ],
    "scripts/setup/setup_local.py": [
      {
        "type": "Basic Auth Credentials",
        "filename": "scripts/setup/setup_local.py",
        "hashed_secret": "afc848c316af1a89d49826c5ae9d00ed769415f3",
        "is_verified": false,
        "line_number": 89,
        "is_secret": false
      }
    ],
    "scripts/setup_airflow_complete.sh": [
      {
        "type": "Base64 High Entropy String",
        "filename": "scripts/setup_airflow_complete.sh",
        "hashed_secret": "0c539ba70dc0c491f54295b2d9b6f7e4dd9c59b0",
        "is_verified": false,
        "line_number": 133,
        "is_secret": true
      },
      {
        "type": "Secret Keyword",
        "filename": "scripts/setup_airflow_complete.sh",
        "hashed_secret": "9354f6cdb6e90b0e934459751e8b0464d3ce4224",
        "is_verified": false,
        "line_number": 134,
        "is_secret": true
      },
      {
        "type": "Secret Keyword",
        "filename": "scripts/setup_airflow_complete.sh",
        "hashed_secret": "1d81b5f6815bf0da9ea6d3eb45b7d82face79775",
        "is_verified": false,
        "line_number": 140,
        "is_secret": true
      }
    ],
    "scripts/testing/test_docker_connections.py": [
      {
        "type": "Base64 High Entropy String",
        "filename": "scripts/testing/test_docker_connections.py",
        "hashed_secret": "7c9fc7ab4baa375bb162479221d5b2c77a5ed41f",
        "is_verified": false,
        "line_number": 81,
        "is_secret": true
      }
    ],
    "tests/security/test_row_locking.py": [
      {
        "type": "Secret Keyword",
        "filename": "tests/security/test_row_locking.py",
        "hashed_secret": "f409ce90a1cd144912d1df8620215b2dc9fda731",
        "is_verified": false,
        "line_number": 28,
        "is_secret": false
      }
    ]
  },
  "generated_at": "2026-08-11T17:59:15Z"
}
